node.exe : ΓÜá `eslint` 
configuration in 
next.config.ts is no 
longer supported. See 
more info here: https://ne
xtjs.org/docs/app/api-refe
rence/cli/next#next-lint-o
ptions
At line:1 char:1
+ & "C:\Program 
Files\nodejs/node.exe" 
"C:\Program 
Files\nodejs/node_mo ...
+ ~~~~~~~~~~~~~~~~~~~~~~~~
~~~~~~~~~~~~~~~~~~~~~~~~~~
~~~~~~~~~~~~~~~~~~~
    + CategoryInfo        
      : NotSpecified: (Γ  
  Üá `eslint` co...xt-l   
 int-options:String) [    
], RemoteException
    + FullyQualifiedError 
   Id : NativeCommandErr  
  or
 
ΓÜá Invalid 
next.config.ts options 
detected: 
ΓÜá     Unrecognized 
key(s) in object: 'eslint'
ΓÜá See more info here: ht
tps://nextjs.org/docs/mess
ages/invalid-next-config
Γû▓ Next.js 16.1.6 (Turbopack)

  Creating an optimized production build ...
Γ£ô Compiled successfully in 6.5s
  Skipping validation of types
  Collecting page data using 11 workers ...
  Generating static pages using 11 workers (0/7) ...
  Generating static pages using 11 workers (1/7) 
Firebase config is 
missing NEXT_PUBLIC_FIREBA
SE_API_KEY. Firebase will 
not initialize and 
Auth/Firestore features 
will be disabled.
  Generating static pages using 11 workers (3/7) 
  Generating static pages using 11 workers (5/7) 
Γ£ô Generating static pages using 11 workers (7/7) in 942.2ms
  Finalizing page optimization ...

Route (app)
Γöî Γùï /
Γö£ Γùï /_not-found
Γö£ Γùï /admin/dashboard
Γö£ ╞Æ /admin/tour-editor/[id]
Γö£ ╞Æ /api/admin/login
Γö£ ╞Æ /api/admin/restaurants
Γöö ╞Æ /api/admin/restaurants/[id]/tour


Γùï  (Static)   prerendered as static content
╞Æ  (Dynamic)  server-rendered on demand

