.next/types/validator.ts(152,39): error TS2307: Cannot find module '../../app/api/admin/login/route.js' or its corresponding type declarations.
.next/types/validator.ts(161,39): error TS2307: Cannot find module '../../app/api/admin/restaurants/[id]/tour/route.js' or its corresponding type declarations.
.next/types/validator.ts(170,39): error TS2307: Cannot find module '../../app/api/admin/restaurants/route.js' or its corresponding type declarations.
components/admin/tour-editor.tsx(41,40): error TS7006: Parameter 'n' implicitly has an 'any' type.
components/admin/tour-editor.tsx(46,9): error TS2353: Object literal may only specify known properties, and 'markers' does not exist in type 'PSVOptions'.
components/admin/tour-editor.tsx(53,64): error TS2554: Expected 1 arguments, but got 2.
components/admin/tour-editor.tsx(55,28): error TS7006: Parameter 'nodeId' implicitly has an 'any' type.
components/admin/tour-editor.tsx(59,25): error TS7006: Parameter 'nodeId' implicitly has an 'any' type.
components/admin/tour-editor.tsx(59,33): error TS7006: Parameter 'position' implicitly has an 'any' type.
components/admin/tour-editor.tsx(73,17): error TS7006: Parameter 'prev' implicitly has an 'any' type.
components/admin/tour-editor.tsx(74,39): error TS7006: Parameter 'node' implicitly has an 'any' type.
components/admin/tour-editor.tsx(164,37): error TS7006: Parameter 'node' implicitly has an 'any' type.
components/virtual-tour/psv-manager.ts(34,34): error TS7006: Parameter 'm' implicitly has an 'any' type.
components/virtual-tour/SceneViewer.tsx(29,33): error TS7006: Parameter 'n' implicitly has an 'any' type.
components/virtual-tour/SceneViewer.tsx(45,24): error TS7006: Parameter 'node' implicitly has an 'any' type.
components/virtual-tour/SceneViewer.tsx(48,29): error TS7006: Parameter 'm' implicitly has an 'any' type.
components/virtual-tour/SceneViewer.tsx(129,32): error TS7006: Parameter 'n' implicitly has an 'any' type.
